
 ets Jan  8 2013,rst cause:2, boot mode:(3,6)

load 0x40100000, len 7536, room 16
tail 0
chksum 0x81
load 0x3ffe8408, len 24, room 8
tail 0
chksum 0x38
load 0x3ffe8420, len 3468, room 8
tail 4
chksum 0x56
csum 0x56
I (43) boot: ESP-IDF v3.4-71-g7085cc76 2nd stage bootloader
I (43) boot: compile time 08:39:57
I (43) boot: SPI Speed      : 40MHz
I (50) boot: SPI Mode       : DIO
I (56) boot: SPI Flash Size : 1MB
I (62) boot: Partition Table:
I (67) boot: ## Label            Usage          Type ST Offset   Length
I (79) boot:  0 nvs              WiFi data        01 02 00009000 00006000
I (90) boot:  1 phy_init         RF data          01 01 0000f000 00001000
I (102) boot:  2 factory          factory app      00 00 00010000 000f0000
I (113) boot: End of partition table
I (120) esp_image: segment 0: paddr=0x00010010 vaddr=0x40210010 size=0x15e58 ( 89688) map
I (171) esp_image: segment 1: paddr=0x00025e70 vaddr=0x40225e68 size=0x05974 ( 22900) map
I (181) esp_image: segment 2: paddr=0x0002b7ec vaddr=0x3ffe8000 size=0x003dc (   988) load
I (182) esp_image: segment 3: paddr=0x0002bbd0 vaddr=0x40100000 size=0x00080 (   128) load
I (196) esp_image: segment 4: paddr=0x0002bc58 vaddr=0x40100080 size=0x04558 ( 17752) load
I (216) boot: Loaded app from partition at offset 0x10000
I (238) gpio: GPIO[2]| InputEn: 0| OutputEn: 1| OpenDrain: 0| Pullup: 0| Pulldown: 0| Intr:0
I (242) main: GPIO ON

I (743) main: GPIO STATUS: 1

I (745) main: GPIO OFF

I (1741) main: GPIO STATUS: 0

I (1742) main: GPIO ON

I (2244) main: GPIO OFF

I (2741) main: GPIO STATUS: 0

I (3241) main: GPIO ON

I (3741) main: GPIO STATUS: 1

I (3742) main: GPIO OFF

I (4741) main: GPIO STATUS: 0

I (4742) main: GPIO ON

I (5244) main: GPIO OFF

I (5741) main: GPIO STATUS: 0

I (6241) main: GPIO ON

I (6741) main: GPIO STATUS: 1

I (6742) main: GPIO OFF

I (7741) main: GPIO STATUS: 0

I (7742) main: GPIO ON

I (8244) main: GPIO OFF

I (8741) main: GPIO STATUS: 0

I (9241) main: GPIO ON

I (9741) main: GPIO STATUS: 1

I (9742) main: GPIO OFF

I (10742) main: GPIO STATUS: 0

I (10743) main: GPIO ON

I (11242) main: GPIO OFF

I (11742) main: GPIO STATUS: 0

I (12242) main: GPIO ON

I (12742) main: GPIO STATUS: 1

I (12743) main: GPIO OFF

I (13742) main: GPIO STATUS: 0

I (13743) main: GPIO ON

I (14242) main: GPIO OFF

I (14742) main: GPIO STATUS: 0

I (15242) main: GPIO ON

I (15742) main: GPIO STATUS: 1

I (15743) main: GPIO OFF

I (16742) main: GPIO STATUS: 0

I (16743) main: GPIO ON

I (17245) main: GPIO OFF

I (17742) main: GPIO STATUS: 0

I (18242) main: GPIO ON

I (18742) main: GPIO STATUS: 1

I (18743) main: GPIO OFF

I (19742) main: GPIO STATUS: 0

I (19743) main: GPIO ON

I (20246) main: GPIO OFF

I (20743) main: GPIO STATUS: 0

I (21243) main: GPIO ON

I (21743) main: GPIO STATUS: 1

I (21744) main: GPIO OFF

I (22743) main: GPIO STATUS: 0

I (22744) main: GPIO ON

I (23246) main: GPIO OFF

I (23743) main: GPIO STATUS: 0

I (24243) main: GPIO ON

I (24743) main: GPIO STATUS: 1

I (24744) main: GPIO OFF

I (25743) main: GPIO STATUS: 0

I (25744) main: GPIO ON

I (26243) main: GPIO OFF

I (26743) main: GPIO STATUS: 0

