
 ets Jan  8 2013,rst cause:2, boot mode:(3,6)

load 0x40100000, len 7536, room 16
tail 0
chksum 0x81
load 0x3ffe8408, len 24, room 8
tail 0
chksum 0x38
load 0x3ffe8420, len 3468, room 8
tail 4
chksum 0x57
csum 0x57
I (43) boot: ESP-IDF v3.4-71-g7085cc76 2nd stage bootloader
I (43) boot: compile time 21:27:34
I (43) boot: SPI Speed      : 40MHz
I (50) boot: SPI Mode       : DIO
I (56) boot: SPI Flash Size : 1MB
I (62) boot: Partition Table:
I (67) boot: ## Label            Usage          Type ST Offset   Length
I (79) boot:  0 nvs              WiFi data        01 02 00009000 00006000
I (90) boot:  1 phy_init         RF data          01 01 0000f000 00001000
I (102) boot:  2 factory          factory app      00 00 00010000 000f0000
I (113) boot: End of partition table
I (120) esp_image: segment 0: paddr=0x00010010 vaddr=0x40210010 size=0x1672c ( 91948) map
I (171) esp_image: segment 1: paddr=0x00026744 vaddr=0x4022673c size=0x059e0 ( 23008) map
I (182) esp_image: segment 2: paddr=0x0002c12c vaddr=0x3ffe8000 size=0x003dc (   988) load
I (183) esp_image: segment 3: paddr=0x0002c510 vaddr=0x40100000 size=0x00080 (   128) load
I (197) esp_image: segment 4: paddr=0x0002c598 vaddr=0x40100080 size=0x04590 ( 17808) load
I (217) boot: Loaded app from partition at offset 0x10000
I (238) gpio: GPIO[2]| InputEn: 0| OutputEn: 1| OpenDrain: 0| Pullup: 0| Pulldown: 0| Intr:0
I (240) main: GPIO ON

I (742) main: GPIO OFF

I (1242) main: GPIO STATUS: 0

Task            Abs Time        Time
****************************************
uiT             14021           1
IDLE            0               <1
gpio_off_task   499938          42
gpio_status_tas 1160            <1
gpio_on_task    501756          43
Tmr Svc         148190          12

I (1742) main: GPIO ON

I (2252) main: GPIO STATUS: 1

I (2253) main: GPIO OFF

I (3252) main: GPIO STATUS: 0

I (3253) main: GPIO ON

I (3762) main: GPIO OFF

I (4252) main: GPIO STATUS: 0

I (4762) main: GPIO ON

I (5252) main: GPIO STATUS: 1

I (5272) main: GPIO OFF

I (6252) main: GPIO STATUS: 0

I (6272) main: GPIO ON

I (6782) main: GPIO OFF

I (7252) main: GPIO STATUS: 0

I (7782) main: GPIO ON

I (8252) main: GPIO STATUS: 1

I (8292) main: GPIO OFF

I (9252) main: GPIO STATUS: 0

I (9292) main: GPIO ON

I (9802) main: GPIO OFF

I (10253) main: GPIO STATUS: 0

I (10803) main: GPIO ON

I (11253) main: GPIO STATUS: 1

I (11313) main: GPIO OFF

I (12253) main: GPIO STATUS: 0

I (12313) main: GPIO ON

I (12823) main: GPIO OFF

